2026-08-18 18:51:57,382 - INFO - [bootstrap] Ambiente=DEV | Bot=R01_HYPERA | RodarBot=False 
2026-08-18 18:51:57,383 - INFO - [bootstrap] env de 'R01_HYPERA' ja existe, reutilizando.
2026-08-18 18:51:57,383 - INFO - [bootstrap] Instalando dependencias de 'R01_HYPERA' no env...
2026-08-18 18:51:58,662 - INFO - [bootstrap] Dependencias de 'R01_HYPERA' instaladas.
2026-08-18 18:59:34,344 - INFO - [bootstrap] Ambiente=DEV | Bot=R01_HYPERA | RodarBot=False | Caminho Git=https://github.com/marcelo-sduarte/calculohoras_jira_II.git
2026-08-18 19:00:31,442 - INFO - [bootstrap] Ambiente=DEV | Bot=R03_calculohoras_jira_II | RodarBot=False | Caminho Git=https://github.com/marcelo-sduarte/calculohoras_jira_II.git
2026-08-18 19:01:33,923 - INFO - [bootstrap] Ambiente=DEV | Bot=R03_calculohoras_jira_II | RodarBot=False | Caminho Git=https://github.com/marcelo-sduarte/calculohoras_jira_II.git
2026-08-18 19:02:33,814 - INFO - [bootstrap] Criando env para 'R03_calculohoras_jira_II' em c:\Users\marce\Documents\Python\Automation\templateHypera\bots\R03_calculohoras_jira_II\.env...
2026-08-18 19:02:41,892 - INFO - [bootstrap] env criado.
2026-08-18 19:02:47,781 - INFO - [bootstrap] Instalando dependencias de 'R03_calculohoras_jira_II' no env...
2026-08-18 19:03:31,428 - INFO - [bootstrap] Dependencias de 'R03_calculohoras_jira_II' instaladas.
2026-08-18 19:07:00,983 - INFO - [bootstrap] Iniciando bootstrap com parametros: DEV,R03_calculohoras_jira_II,False,https://github.com/marcelo-sduarte/calculohoras_jira_II.git
2026-08-18 19:07:00,983 - INFO - [bootstrap] Ambiente=DEV | Bot=R03_calculohoras_jira_II | RodarBot=False | Caminho Git=https://github.com/marcelo-sduarte/calculohoras_jira_II.git
2026-08-18 19:07:03,263 - INFO - [bootstrap] env de 'R03_calculohoras_jira_II' ja existe, reutilizando.
2026-08-18 19:07:03,263 - INFO - [bootstrap] Instalando dependencias de 'R03_calculohoras_jira_II' no env...
2026-08-18 19:07:04,652 - INFO - [bootstrap] Dependencias de 'R03_calculohoras_jira_II' instaladas com sucesso!
2026-08-18 19:08:13,491 - INFO - [bootstrap] Iniciando bootstrap com parametros: DEV,R03_calculohoras_jira_II,True,https://github.com/marcelo-sduarte/calculohoras_jira_II.git
2026-08-18 19:08:13,491 - INFO - [bootstrap] Ambiente=DEV | Bot=R03_calculohoras_jira_II | RodarBot=True | Caminho Git=https://github.com/marcelo-sduarte/calculohoras_jira_II.git
2026-08-18 19:08:15,463 - INFO - [bootstrap] env de 'R03_calculohoras_jira_II' ja existe, reutilizando.
2026-08-18 19:08:15,464 - INFO - [bootstrap] Instalando dependencias de 'R03_calculohoras_jira_II' no env...
2026-08-18 19:08:16,967 - INFO - [bootstrap] Dependencias de 'R03_calculohoras_jira_II' instaladas com sucesso!
2026-08-18 19:08:16,967 - ERROR - [bootstrap] Erro ao executar bootstrap: main.py nao encontrado em bots/R03_calculohoras_jira_II/
Traceback (most recent call last):
  File "c:\Users\marce\Documents\Python\Automation\templateHypera\bootstrap.py", line 160, in executar
    rodar_bot(nome_bot, ambiente)
  File "c:\Users\marce\Documents\Python\Automation\templateHypera\bootstrap.py", line 120, in rodar_bot
    raise FileNotFoundError(f"main.py nao encontrado em bots/{nome_bot}/")
FileNotFoundError: main.py nao encontrado em bots/R03_calculohoras_jira_II/
2026-08-18 19:31:08,318 - INFO - [bootstrap] Iniciando bootstrap com parametros: DEV,R03_calculohoras_jira_II,False,https://github.com/marcelo-sduarte/calculohoras_jira_II.git
2026-08-18 19:31:08,319 - INFO - [bootstrap] Ambiente=DEV | Bot=R03_calculohoras_jira_II | RodarBot=False | Caminho Git=https://github.com/marcelo-sduarte/calculohoras_jira_II.git
2026-08-18 19:31:11,418 - INFO - [bootstrap] Criando env para 'R03_calculohoras_jira_II' em c:\Users\marce\Documents\Python\Automation\templateHypera\bots\R03_calculohoras_jira_II\.env...
2026-08-18 19:31:22,675 - INFO - [bootstrap] env criado.
2026-08-18 19:31:22,676 - INFO - [bootstrap] Instalando dependencias de 'R03_calculohoras_jira_II' no env...
2026-08-18 19:32:20,623 - INFO - [bootstrap] Dependencias de 'R03_calculohoras_jira_II' instaladas com sucesso!
2026-08-18 19:35:42,074 - INFO - [bootstrap] Iniciando bootstrap com parametros: DEV,R01_HYPERA,False,
2026-08-18 19:35:42,075 - INFO - [bootstrap] Ambiente=DEV | Bot=R01_HYPERA | RodarBot=False | Caminho Git=
2026-08-18 19:35:42,076 - INFO - [bootstrap] Criando env para 'R01_HYPERA' em c:\Users\marce\Documents\Python\Automation\templateHypera\bots\R01_HYPERA\.env...
2026-08-18 19:35:52,325 - INFO - [bootstrap] env criado.
2026-08-18 19:35:52,326 - INFO - [bootstrap] requirements.txt nao encontrado para 'R01_HYPERA', pulando instalacao.
2026-08-18 20:07:10,219 - INFO - [bootstrap] Iniciando bootstrap com parametros: DEV,R03_calculohoras_jira_II,False,https://github.com/marcelo-sduarte/calculohoras_jira_II.git
2026-08-18 20:07:10,221 - INFO - [bootstrap] Ambiente=DEV | Bot=R03_calculohoras_jira_II | RodarBot=False | Caminho Git=https://github.com/marcelo-sduarte/calculohoras_jira_II.git
2026-08-18 20:07:14,466 - INFO - [bootstrap] Criando env para 'R03_calculohoras_jira_II' em c:\Users\marce\Documents\Python\Automation\templateHypera\bots\R03_calculohoras_jira_II\.env...
2026-08-18 20:07:22,888 - INFO - [bootstrap] env criado.
2026-08-18 20:07:22,890 - INFO - [bootstrap] Instalando dependencias de 'R03_calculohoras_jira_II' no env...
2026-08-18 20:08:14,342 - INFO - [bootstrap] Dependencias de 'R03_calculohoras_jira_II' instaladas com sucesso!
2026-08-18 20:08:34,161 - INFO - [bootstrap] Iniciando bootstrap com parametros: DEV,R01_HYPERA,False,
2026-08-18 20:08:34,161 - INFO - [bootstrap] Ambiente=DEV | Bot=R01_HYPERA | RodarBot=False | Caminho Git=
2026-08-18 20:08:34,164 - INFO - [bootstrap] Criando env para 'R01_HYPERA' em c:\Users\marce\Documents\Python\Automation\templateHypera\bots\R01_HYPERA\.env...
2026-08-18 20:08:47,156 - INFO - [bootstrap] env criado.
2026-08-18 20:08:47,157 - INFO - [bootstrap] requirements.txt nao encontrado para 'R01_HYPERA', pulando instalacao.
2026-08-18 20:14:18,381 - INFO - [bootstrap] Iniciando bootstrap com parametros: DEV,R04_TESTE_HYPERA,False,
2026-08-18 20:14:18,382 - INFO - [bootstrap] Ambiente=DEV | Bot=R04_TESTE_HYPERA | RodarBot=False | Caminho Git=
2026-08-18 20:14:18,384 - INFO - [bootstrap] Criando env para 'R04_TESTE_HYPERA' em c:\Users\marce\Documents\Python\Automation\templateHypera\bots\R04_TESTE_HYPERA\.env...
2026-08-18 20:14:31,219 - INFO - [bootstrap] env criado.
2026-08-18 20:14:31,220 - INFO - [bootstrap] requirements.txt nao encontrado para 'R04_TESTE_HYPERA', pulando instalacao.
2026-08-18 20:20:55,622 - INFO - [bootstrap] Iniciando bootstrap com parametros: DEV,R03_calculohoras_jira_II,False,https://github.com/marcelo-sduarte/calculohoras_jira_II.git
2026-08-18 20:20:55,622 - INFO - [bootstrap] Ambiente=DEV | Bot=R03_calculohoras_jira_II | RodarBot=False | Caminho Git=https://github.com/marcelo-sduarte/calculohoras_jira_II.git
2026-08-18 20:20:59,287 - INFO - [bootstrap] Criando env para 'R03_calculohoras_jira_II' em c:\Users\marce\Documents\Python\Automation\templateHypera\bots\R03_calculohoras_jira_II\.env...
2026-08-18 20:21:10,081 - INFO - [bootstrap] env criado.
2026-08-18 20:21:10,082 - INFO - [bootstrap] Instalando dependencias de 'R03_calculohoras_jira_II' no env...
2026-08-18 20:21:58,715 - INFO - [bootstrap] Dependencias de 'R03_calculohoras_jira_II' instaladas com sucesso!
2026-08-18 21:20:35,433 - INFO - [bootstrap] Iniciando bootstrap com parametros: {"ambiente": "PROD", "nomebot": "BotFinanceiro", "executar_bot": "False", "caminho_repositorio": ""}
2026-08-18 21:20:35,434 - INFO - [bootstrap] Ambiente=PROD | Bot=BotFinanceiro | RodarBot=False | Caminho Git=
2026-08-18 21:20:35,435 - INFO - [bootstrap] Criando env para 'BotFinanceiro' em c:\Users\marce\Documents\Python\Automation\templateHypera\bots\BotFinanceiro\.env...
2026-08-18 21:20:41,286 - INFO - [bootstrap] env criado.
2026-08-18 21:20:41,286 - INFO - [bootstrap] requirements.txt nao encontrado para 'BotFinanceiro', pulando instalacao.
2026-08-18 21:47:24,165 - INFO - [bootstrap] Iniciando bootstrap com parametros: {"ambiente": "PROD", "nomebot": "BotFinanceiro", "executar_bot": "False", "caminho_repositorio": ""}
2026-08-18 21:47:24,165 - INFO - [bootstrap] Ambiente=PROD | Bot=BotFinanceiro | RodarBot=False | Caminho Git=
2026-08-18 21:47:24,166 - INFO - [bootstrap] Criando env para 'BotFinanceiro' em c:\Users\marce\Documents\Python\Automation\templateHypera\bots\BotFinanceiro\.env...
2026-08-18 21:47:29,718 - INFO - [bootstrap] env criado.
2026-08-18 21:47:29,719 - INFO - [bootstrap] requirements.txt nao encontrado para 'BotFinanceiro', pulando instalacao.
2026-08-18 21:47:29,719 - INFO - [bootstrap] Payload de retorno: {'status': 'sucesso', 'bot': 'BotFinanceiro', 'ambiente': 'PROD', 'mensagem': 'Bootstrap concluido com sucesso.'}
